---------------------------------------------
-- USIMM: the Utah SImulated Memory Module --
--              Version: 1.3               --
---------------------------------------------
Initializing.
Core 0: Input trace file input/domains/gcc/core_0-2 : Addresses will have prefix 0
Core 1: Input trace file input/domains/gcc/core_1-2 : Addresses will have prefix 1
Core 2: Input trace file input/domains/gcc/core_2-2 : Addresses will have prefix 2
Core 3: Input trace file input/domains/gcc/core_3-2 : Addresses will have prefix 3
Core 4: Input trace file input/domains/gcc/core_4-2 : Addresses will have prefix 4
Core 5: Input trace file input/domains/gcc/core_5-2 : Addresses will have prefix 5
Core 6: Input trace file input/domains/gcc/core_6-2 : Addresses will have prefix 6
Address bits: 32
----------------------------------------------------------------------------------------
------------------------
- SIMULATOR PARAMETERS -
------------------------

-------------
- PROCESSOR -
-------------
PROCESSOR_CLK_MULTIPLIER:        1
ROBSIZE:                       128
MAX_FETCH:                       4
MAX_RETIRE:                      4
PIPELINEDEPTH:                  10

---------------
- DRAM Config -
---------------
NUM_CHANNELS:                    1
NUM_RANKS:                       8
NUM_BANKS:                       8
NUM_ROWS:                    65536
NUM_COLUMNS:                   128

---------------
- DRAM Timing -
---------------
T_RCD:                          11
T_RP:                           11
T_CAS:                          11
T_RC:                           39
T_RAS:                          28
T_RRD:                           5
T_FAW:                          24
T_WR:                           12
T_WTR:                           6
T_RTP:                           6
T_CCD:                           4
T_RFC:                         260
T_REFI:                       7800
T_CWD:                           5
T_RTRS:                          2
T_PD_MIN:                        4
T_XP:                            5
T_XP_DLL:                       20
T_DATA_TRANS:                    4

---------------------------
- DRAM Idd Specifications -
---------------------------
VDD:                        01.50
IDD0:                       55.00
IDD2P0:                     16.00
IDD2P1:                     32.00
IDD2N:                      28.00
IDD3P:                      38.00
IDD3N:                      38.00
IDD4R:                      147.00
IDD4W:                      118.00
IDD5:                       155.00

-------------------
- DRAM Controller -
-------------------
WQ_CAPACITY:                    64
ADDRESS_MAPPING:                 2
WQ_LOOKUP_LATENCY:              10

----------------------------------------------------------------------------------------
Starting simulation.
Done with loop. Printing stats.
Cycles 221747348
Done: Core 0: Fetched 532479303 : Committed 532479303 : At time : 217658275
Done: Core 1: Fetched 539120456 : Committed 539120456 : At time : 218750799
Done: Core 2: Fetched 546085458 : Committed 546085458 : At time : 220783680
Done: Core 3: Fetched 549244088 : Committed 549244088 : At time : 221747348
Done: Core 4: Fetched 143582235 : Committed 143582235 : At time : 151601311
Done: Core 5: Fetched 137911874 : Committed 137911874 : At time : 150520411
Done: Core 6: Fetched 129121280 : Committed 129121280 : At time : 148202598
Sum of execution times for all programs: 1329264422
Num reads merged: 1371
Num writes merged: 0
Number of aggressive precharges: 6998620
-------- Channel 0 Stats-----------
Total Reads Serviced :          5055481
Total Writes Serviced :         1943139
Average Read Latency :          266.06985
Average Read Queue Latency :    251.06985
Average Write Latency :         1697.08181
Average Write Queue Latency :   1681.08181
Read Page Hit Rate :            0.00000
Write Page Hit Rate :           0.00000
------------------------------------
-------- Domain Stats-----------
Domain 0 Fake Requests: 0
Domain 1 Fake Requests: 0
Domain 2 Fake Requests: 0
Domain 3 Fake Requests: 0
Domain 4 Fake Requests: 0
Domain 5 Fake Requests: 0
Domain 6 Fake Requests: 0

#-----------------------------Simulated Cycles Break-Up-------------------------------------------
Note:  1.(Read Cycles + Write Cycles + Read Other + Write Other) should add up to % cycles during which
          the channel is busy. This should be the same for all Ranks on a Channel
       2.(PRE_PDN_FAST + PRE_PDN_SLOW + ACT_PDN + ACT_STBY + PRE_STBY) should add up to 100%
       3.Power Down means Clock Enable, CKE = 0. In Standby mode, CKE = 1
#-------------------------------------------------------------------------------------------------
Total Simulation Cycles                        221747348
---------------------------------------------------------------

Channel 0 Rank 0 Read Cycles(%)                0.01 # % cycles the Rank performed a Read
Channel 0 Rank 0 Write Cycles(%)               0.00 # % cycles the Rank performed a Write
Channel 0 Rank 0 Read Other(%)                 0.08 # % cycles other Ranks on the channel performed a Read
Channel 0 Rank 0 Write Other(%)                0.03 # % cycles other Ranks on the channel performed a Write
Channel 0 Rank 0 PRE_PDN_FAST(%)               0.00 # % cycles the Rank was in Fast Power Down and all Banks were Precharged
Channel 0 Rank 0 PRE_PDN_SLOW(%)               0.00 # % cycles the Rank was in Slow Power Down and all Banks were Precharged
Channel 0 Rank 0 ACT_PDN(%)                    0.00 # % cycles the Rank was in Active Power Down and atleast one Bank was Active
Channel 0 Rank 0 ACT_STBY(%)                   0.04 # % cycles the Rank was in Standby and atleast one bank was Active
Channel 0 Rank 0 PRE_STBY(%)                   0.96 # % cycles the Rank was in Standby and all Banks were Precharged
---------------------------------------------------------------

Channel 0 Rank 1 Read Cycles(%)                0.01 # % cycles the Rank performed a Read
Channel 0 Rank 1 Write Cycles(%)               0.00 # % cycles the Rank performed a Write
Channel 0 Rank 1 Read Other(%)                 0.08 # % cycles other Ranks on the channel performed a Read
Channel 0 Rank 1 Write Other(%)                0.03 # % cycles other Ranks on the channel performed a Write
Channel 0 Rank 1 PRE_PDN_FAST(%)               0.00 # % cycles the Rank was in Fast Power Down and all Banks were Precharged
Channel 0 Rank 1 PRE_PDN_SLOW(%)               0.00 # % cycles the Rank was in Slow Power Down and all Banks were Precharged
Channel 0 Rank 1 ACT_PDN(%)                    0.00 # % cycles the Rank was in Active Power Down and atleast one Bank was Active
Channel 0 Rank 1 ACT_STBY(%)                   0.04 # % cycles the Rank was in Standby and atleast one bank was Active
Channel 0 Rank 1 PRE_STBY(%)                   0.96 # % cycles the Rank was in Standby and all Banks were Precharged
---------------------------------------------------------------

Channel 0 Rank 2 Read Cycles(%)                0.01 # % cycles the Rank performed a Read
Channel 0 Rank 2 Write Cycles(%)               0.00 # % cycles the Rank performed a Write
Channel 0 Rank 2 Read Other(%)                 0.08 # % cycles other Ranks on the channel performed a Read
Channel 0 Rank 2 Write Other(%)                0.03 # % cycles other Ranks on the channel performed a Write
Channel 0 Rank 2 PRE_PDN_FAST(%)               0.00 # % cycles the Rank was in Fast Power Down and all Banks were Precharged
Channel 0 Rank 2 PRE_PDN_SLOW(%)               0.00 # % cycles the Rank was in Slow Power Down and all Banks were Precharged
Channel 0 Rank 2 ACT_PDN(%)                    0.00 # % cycles the Rank was in Active Power Down and atleast one Bank was Active
Channel 0 Rank 2 ACT_STBY(%)                   0.04 # % cycles the Rank was in Standby and atleast one bank was Active
Channel 0 Rank 2 PRE_STBY(%)                   0.96 # % cycles the Rank was in Standby and all Banks were Precharged
---------------------------------------------------------------

Channel 0 Rank 3 Read Cycles(%)                0.01 # % cycles the Rank performed a Read
Channel 0 Rank 3 Write Cycles(%)               0.00 # % cycles the Rank performed a Write
Channel 0 Rank 3 Read Other(%)                 0.08 # % cycles other Ranks on the channel performed a Read
Channel 0 Rank 3 Write Other(%)                0.03 # % cycles other Ranks on the channel performed a Write
Channel 0 Rank 3 PRE_PDN_FAST(%)               0.00 # % cycles the Rank was in Fast Power Down and all Banks were Precharged
Channel 0 Rank 3 PRE_PDN_SLOW(%)               0.00 # % cycles the Rank was in Slow Power Down and all Banks were Precharged
Channel 0 Rank 3 ACT_PDN(%)                    0.00 # % cycles the Rank was in Active Power Down and atleast one Bank was Active
Channel 0 Rank 3 ACT_STBY(%)                   0.04 # % cycles the Rank was in Standby and atleast one bank was Active
Channel 0 Rank 3 PRE_STBY(%)                   0.96 # % cycles the Rank was in Standby and all Banks were Precharged
---------------------------------------------------------------

Channel 0 Rank 4 Read Cycles(%)                0.01 # % cycles the Rank performed a Read
Channel 0 Rank 4 Write Cycles(%)               0.00 # % cycles the Rank performed a Write
Channel 0 Rank 4 Read Other(%)                 0.08 # % cycles other Ranks on the channel performed a Read
Channel 0 Rank 4 Write Other(%)                0.03 # % cycles other Ranks on the channel performed a Write
Channel 0 Rank 4 PRE_PDN_FAST(%)               0.00 # % cycles the Rank was in Fast Power Down and all Banks were Precharged
Channel 0 Rank 4 PRE_PDN_SLOW(%)               0.00 # % cycles the Rank was in Slow Power Down and all Banks were Precharged
Channel 0 Rank 4 ACT_PDN(%)                    0.00 # % cycles the Rank was in Active Power Down and atleast one Bank was Active
Channel 0 Rank 4 ACT_STBY(%)                   0.04 # % cycles the Rank was in Standby and atleast one bank was Active
Channel 0 Rank 4 PRE_STBY(%)                   0.96 # % cycles the Rank was in Standby and all Banks were Precharged
---------------------------------------------------------------

Channel 0 Rank 5 Read Cycles(%)                0.01 # % cycles the Rank performed a Read
Channel 0 Rank 5 Write Cycles(%)               0.00 # % cycles the Rank performed a Write
Channel 0 Rank 5 Read Other(%)                 0.08 # % cycles other Ranks on the channel performed a Read
Channel 0 Rank 5 Write Other(%)                0.03 # % cycles other Ranks on the channel performed a Write
Channel 0 Rank 5 PRE_PDN_FAST(%)               0.00 # % cycles the Rank was in Fast Power Down and all Banks were Precharged
Channel 0 Rank 5 PRE_PDN_SLOW(%)               0.00 # % cycles the Rank was in Slow Power Down and all Banks were Precharged
Channel 0 Rank 5 ACT_PDN(%)                    0.00 # % cycles the Rank was in Active Power Down and atleast one Bank was Active
Channel 0 Rank 5 ACT_STBY(%)                   0.04 # % cycles the Rank was in Standby and atleast one bank was Active
Channel 0 Rank 5 PRE_STBY(%)                   0.96 # % cycles the Rank was in Standby and all Banks were Precharged
---------------------------------------------------------------

Channel 0 Rank 6 Read Cycles(%)                0.01 # % cycles the Rank performed a Read
Channel 0 Rank 6 Write Cycles(%)               0.00 # % cycles the Rank performed a Write
Channel 0 Rank 6 Read Other(%)                 0.08 # % cycles other Ranks on the channel performed a Read
Channel 0 Rank 6 Write Other(%)                0.03 # % cycles other Ranks on the channel performed a Write
Channel 0 Rank 6 PRE_PDN_FAST(%)               0.00 # % cycles the Rank was in Fast Power Down and all Banks were Precharged
Channel 0 Rank 6 PRE_PDN_SLOW(%)               0.00 # % cycles the Rank was in Slow Power Down and all Banks were Precharged
Channel 0 Rank 6 ACT_PDN(%)                    0.00 # % cycles the Rank was in Active Power Down and atleast one Bank was Active
Channel 0 Rank 6 ACT_STBY(%)                   0.04 # % cycles the Rank was in Standby and atleast one bank was Active
Channel 0 Rank 6 PRE_STBY(%)                   0.96 # % cycles the Rank was in Standby and all Banks were Precharged
---------------------------------------------------------------

Channel 0 Rank 7 Read Cycles(%)                0.01 # % cycles the Rank performed a Read
Channel 0 Rank 7 Write Cycles(%)               0.00 # % cycles the Rank performed a Write
Channel 0 Rank 7 Read Other(%)                 0.08 # % cycles other Ranks on the channel performed a Read
Channel 0 Rank 7 Write Other(%)                0.03 # % cycles other Ranks on the channel performed a Write
Channel 0 Rank 7 PRE_PDN_FAST(%)               0.00 # % cycles the Rank was in Fast Power Down and all Banks were Precharged
Channel 0 Rank 7 PRE_PDN_SLOW(%)               0.00 # % cycles the Rank was in Slow Power Down and all Banks were Precharged
Channel 0 Rank 7 ACT_PDN(%)                    0.00 # % cycles the Rank was in Active Power Down and atleast one Bank was Active
Channel 0 Rank 7 ACT_STBY(%)                   0.04 # % cycles the Rank was in Standby and atleast one bank was Active
Channel 0 Rank 7 PRE_STBY(%)                   0.96 # % cycles the Rank was in Standby and all Banks were Precharged
---------------------------------------------------------------


#-------------------------------------- Power Stats ----------------------------------------------
Note:  1. termRoth/termWoth is the power dissipated in the ODT resistors when Read/Writes terminate 
          in other ranks on the same channel
#-------------------------------------------------------------------------------------------------

Channel 0 Rank 0 Background(mw)              42.67 # depends only on Power Down time and time all banks were precharged
Channel 0 Rank 0 Act(mW)                      4.75 # power spend bringing data to the row buffer
Channel 0 Rank 0 Read(mW)                     1.94 # power spent doing a Read  after the Row Buffer is open
Channel 0 Rank 0 Write(mW)                    0.54 # power spent doing a Write after the Row Buffer is open
Channel 0 Rank 0 Read Terminate(mW)           0.38 # power dissipated in ODT resistors during Read
Channel 0 Rank 0 Write Terminate(mW)          0.00 # power dissipated in ODT resistors during Write
Channel 0 Rank 0 termRoth(mW)                19.76 # power dissipated in ODT resistors during Reads  in other ranks
Channel 0 Rank 0 termWoth(mW)                 6.98 # power dissipated in ODT resistors during Writes in other ranks
Channel 0 Rank 0 Refresh(mW)                  5.85 # depends on frequency of Refresh (tREFI)
---------------------------------------------------------------
Channel 0 Rank 0 Total Rank Power(mW)       -82.87 # (Sum of above components)*(num chips in each Rank)
---------------------------------------------------------------

Channel 0 Rank 1 Background(mw)              42.66 # depends only on Power Down time and time all banks were precharged
Channel 0 Rank 1 Act(mW)                      4.62 # power spend bringing data to the row buffer
Channel 0 Rank 1 Read(mW)                     1.89 # power spent doing a Read  after the Row Buffer is open
Channel 0 Rank 1 Write(mW)                    0.53 # power spent doing a Write after the Row Buffer is open
Channel 0 Rank 1 Read Terminate(mW)           0.37 # power dissipated in ODT resistors during Read
Channel 0 Rank 1 Write Terminate(mW)          0.00 # power dissipated in ODT resistors during Write
Channel 0 Rank 1 termRoth(mW)                19.83 # power dissipated in ODT resistors during Reads  in other ranks
Channel 0 Rank 1 termWoth(mW)                 7.01 # power dissipated in ODT resistors during Writes in other ranks
Channel 0 Rank 1 Refresh(mW)                  5.85 # depends on frequency of Refresh (tREFI)
---------------------------------------------------------------
Channel 0 Rank 1 Total Rank Power(mW)       -82.76 # (Sum of above components)*(num chips in each Rank)
---------------------------------------------------------------

Channel 0 Rank 2 Background(mw)              42.65 # depends only on Power Down time and time all banks were precharged
Channel 0 Rank 2 Act(mW)                      4.58 # power spend bringing data to the row buffer
Channel 0 Rank 2 Read(mW)                     1.87 # power spent doing a Read  after the Row Buffer is open
Channel 0 Rank 2 Write(mW)                    0.52 # power spent doing a Write after the Row Buffer is open
Channel 0 Rank 2 Read Terminate(mW)           0.37 # power dissipated in ODT resistors during Read
Channel 0 Rank 2 Write Terminate(mW)          0.00 # power dissipated in ODT resistors during Write
Channel 0 Rank 2 termRoth(mW)                19.85 # power dissipated in ODT resistors during Reads  in other ranks
Channel 0 Rank 2 termWoth(mW)                 7.03 # power dissipated in ODT resistors during Writes in other ranks
Channel 0 Rank 2 Refresh(mW)                  5.85 # depends on frequency of Refresh (tREFI)
---------------------------------------------------------------
Channel 0 Rank 2 Total Rank Power(mW)       -82.72 # (Sum of above components)*(num chips in each Rank)
---------------------------------------------------------------

Channel 0 Rank 3 Background(mw)              42.65 # depends only on Power Down time and time all banks were precharged
Channel 0 Rank 3 Act(mW)                      4.52 # power spend bringing data to the row buffer
Channel 0 Rank 3 Read(mW)                     1.85 # power spent doing a Read  after the Row Buffer is open
Channel 0 Rank 3 Write(mW)                    0.51 # power spent doing a Write after the Row Buffer is open
Channel 0 Rank 3 Read Terminate(mW)           0.36 # power dissipated in ODT resistors during Read
Channel 0 Rank 3 Write Terminate(mW)          0.00 # power dissipated in ODT resistors during Write
Channel 0 Rank 3 termRoth(mW)                19.89 # power dissipated in ODT resistors during Reads  in other ranks
Channel 0 Rank 3 termWoth(mW)                 7.04 # power dissipated in ODT resistors during Writes in other ranks
Channel 0 Rank 3 Refresh(mW)                  5.85 # depends on frequency of Refresh (tREFI)
---------------------------------------------------------------
Channel 0 Rank 3 Total Rank Power(mW)       -82.67 # (Sum of above components)*(num chips in each Rank)
---------------------------------------------------------------

Channel 0 Rank 4 Background(mw)              42.66 # depends only on Power Down time and time all banks were precharged
Channel 0 Rank 4 Act(mW)                      4.63 # power spend bringing data to the row buffer
Channel 0 Rank 4 Read(mW)                     1.88 # power spent doing a Read  after the Row Buffer is open
Channel 0 Rank 4 Write(mW)                    0.53 # power spent doing a Write after the Row Buffer is open
Channel 0 Rank 4 Read Terminate(mW)           0.37 # power dissipated in ODT resistors during Read
Channel 0 Rank 4 Write Terminate(mW)          0.00 # power dissipated in ODT resistors during Write
Channel 0 Rank 4 termRoth(mW)                19.84 # power dissipated in ODT resistors during Reads  in other ranks
Channel 0 Rank 4 termWoth(mW)                 7.00 # power dissipated in ODT resistors during Writes in other ranks
Channel 0 Rank 4 Refresh(mW)                  5.85 # depends on frequency of Refresh (tREFI)
---------------------------------------------------------------
Channel 0 Rank 4 Total Rank Power(mW)       -82.77 # (Sum of above components)*(num chips in each Rank)
---------------------------------------------------------------

Channel 0 Rank 5 Background(mw)              42.65 # depends only on Power Down time and time all banks were precharged
Channel 0 Rank 5 Act(mW)                      4.58 # power spend bringing data to the row buffer
Channel 0 Rank 5 Read(mW)                     1.85 # power spent doing a Read  after the Row Buffer is open
Channel 0 Rank 5 Write(mW)                    0.54 # power spent doing a Write after the Row Buffer is open
Channel 0 Rank 5 Read Terminate(mW)           0.36 # power dissipated in ODT resistors during Read
Channel 0 Rank 5 Write Terminate(mW)          0.00 # power dissipated in ODT resistors during Write
Channel 0 Rank 5 termRoth(mW)                19.89 # power dissipated in ODT resistors during Reads  in other ranks
Channel 0 Rank 5 termWoth(mW)                 7.00 # power dissipated in ODT resistors during Writes in other ranks
Channel 0 Rank 5 Refresh(mW)                  5.85 # depends on frequency of Refresh (tREFI)
---------------------------------------------------------------
Channel 0 Rank 5 Total Rank Power(mW)       -82.71 # (Sum of above components)*(num chips in each Rank)
---------------------------------------------------------------

Channel 0 Rank 6 Background(mw)              42.67 # depends only on Power Down time and time all banks were precharged
Channel 0 Rank 6 Act(mW)                      4.67 # power spend bringing data to the row buffer
Channel 0 Rank 6 Read(mW)                     1.92 # power spent doing a Read  after the Row Buffer is open
Channel 0 Rank 6 Write(mW)                    0.53 # power spent doing a Write after the Row Buffer is open
Channel 0 Rank 6 Read Terminate(mW)           0.37 # power dissipated in ODT resistors during Read
Channel 0 Rank 6 Write Terminate(mW)          0.00 # power dissipated in ODT resistors during Write
Channel 0 Rank 6 termRoth(mW)                19.79 # power dissipated in ODT resistors during Reads  in other ranks
Channel 0 Rank 6 termWoth(mW)                 7.01 # power dissipated in ODT resistors during Writes in other ranks
Channel 0 Rank 6 Refresh(mW)                  5.85 # depends on frequency of Refresh (tREFI)
---------------------------------------------------------------
Channel 0 Rank 6 Total Rank Power(mW)       -82.81 # (Sum of above components)*(num chips in each Rank)
---------------------------------------------------------------

Channel 0 Rank 7 Background(mw)              42.61 # depends only on Power Down time and time all banks were precharged
Channel 0 Rank 7 Act(mW)                      4.25 # power spend bringing data to the row buffer
Channel 0 Rank 7 Read(mW)                     1.72 # power spent doing a Read  after the Row Buffer is open
Channel 0 Rank 7 Write(mW)                    0.50 # power spent doing a Write after the Row Buffer is open
Channel 0 Rank 7 Read Terminate(mW)           0.34 # power dissipated in ODT resistors during Read
Channel 0 Rank 7 Write Terminate(mW)          0.00 # power dissipated in ODT resistors during Write
Channel 0 Rank 7 termRoth(mW)                20.09 # power dissipated in ODT resistors during Reads  in other ranks
Channel 0 Rank 7 termWoth(mW)                 7.07 # power dissipated in ODT resistors during Writes in other ranks
Channel 0 Rank 7 Refresh(mW)                  5.85 # depends on frequency of Refresh (tREFI)
---------------------------------------------------------------
Channel 0 Rank 7 Total Rank Power(mW)       -82.42 # (Sum of above components)*(num chips in each Rank)
---------------------------------------------------------------


#-------------------------------------------------------------------------------------------------
Total memory system power = -0.661735 W
Miscellaneous system power = 10 W  # Processor uncore power, disk, I/O, cooling, etc.
Processor core power = 29.972500 W  # Assuming that each core consumes 5 W
Total system power = 39.310764 W # Sum of the previous three lines
Energy Delay product (EDP) = 0.188768014 J.s
Cycles 221747348
Cycles 221747348
Cycles 221747348
Cycles 221747348
Bank 0: Writes: 251591, Reads: 656127
Bank 1: Writes: 243959, Reads: 639530
Bank 2: Writes: 240208, Reads: 635364
Bank 3: Writes: 237111, Reads: 627405
Bank 4: Writes: 247087, Reads: 638331
Bank 5: Writes: 248001, Reads: 627278
Bank 6: Writes: 243986, Reads: 649645
Bank 7: Writes: 231196, Reads: 581801
