---------------------------------------------
-- USIMM: the Utah SImulated Memory Module --
--              Version: 1.3               --
---------------------------------------------
Initializing.
Core 0: Input trace file input/domains/lbm/core_0-2 : Addresses will have prefix 0
Core 1: Input trace file input/domains/lbm/core_1-2 : Addresses will have prefix 1
Core 2: Input trace file input/domains/lbm/core_2-2 : Addresses will have prefix 2
Core 3: Input trace file input/domains/lbm/core_3-2 : Addresses will have prefix 3
Core 4: Input trace file input/domains/lbm/core_4-2 : Addresses will have prefix 4
Core 5: Input trace file input/domains/lbm/core_5-2 : Addresses will have prefix 5
Core 6: Input trace file input/domains/lbm/core_6-2 : Addresses will have prefix 6
Address bits: 32
----------------------------------------------------------------------------------------
------------------------
- SIMULATOR PARAMETERS -
------------------------

-------------
- PROCESSOR -
-------------
PROCESSOR_CLK_MULTIPLIER:        1
ROBSIZE:                       128
MAX_FETCH:                       4
MAX_RETIRE:                      4
PIPELINEDEPTH:                  10

---------------
- DRAM Config -
---------------
NUM_CHANNELS:                    1
NUM_RANKS:                       8
NUM_BANKS:                       8
NUM_ROWS:                    65536
NUM_COLUMNS:                   128

---------------
- DRAM Timing -
---------------
T_RCD:                          11
T_RP:                           11
T_CAS:                          11
T_RC:                           39
T_RAS:                          28
T_RRD:                           5
T_FAW:                          24
T_WR:                           12
T_WTR:                           6
T_RTP:                           6
T_CCD:                           4
T_RFC:                         260
T_REFI:                       7800
T_CWD:                           5
T_RTRS:                          2
T_PD_MIN:                        4
T_XP:                            5
T_XP_DLL:                       20
T_DATA_TRANS:                    4

---------------------------
- DRAM Idd Specifications -
---------------------------
VDD:                        01.50
IDD0:                       55.00
IDD2P0:                     16.00
IDD2P1:                     32.00
IDD2N:                      28.00
IDD3P:                      38.00
IDD3N:                      38.00
IDD4R:                      147.00
IDD4W:                      118.00
IDD5:                       155.00

-------------------
- DRAM Controller -
-------------------
WQ_CAPACITY:                    64
ADDRESS_MAPPING:                 2
WQ_LOOKUP_LATENCY:              10

----------------------------------------------------------------------------------------
Starting simulation.
Done with loop. Printing stats.
Cycles 106313540
Done: Core 0: Fetched 5634295 : Committed 5634295 : At time : 101069476
Done: Core 1: Fetched 5651251 : Committed 5651251 : At time : 99195418
Done: Core 2: Fetched 5606354 : Committed 5606354 : At time : 104875908
Done: Core 3: Fetched 5632079 : Committed 5632079 : At time : 106313540
Done: Core 4: Fetched 5944489 : Committed 5944489 : At time : 100407577
Done: Core 5: Fetched 8093618 : Committed 8093618 : At time : 66552392
Done: Core 6: Fetched 6096791 : Committed 6096791 : At time : 77631721
Sum of execution times for all programs: 656046032
Num reads merged: 509838
Num writes merged: 453388
Number of aggressive precharges: 6036710
-------- Channel 0 Stats-----------
Total Reads Serviced :          3017119
Total Writes Serviced :         3019591
Average Read Latency :          1314.27507
Average Read Queue Latency :    1299.27507
Average Write Latency :         8164.16601
Average Write Queue Latency :   8148.16601
Read Page Hit Rate :            0.00000
Write Page Hit Rate :           0.00000
------------------------------------
-------- Domain Stats-----------
Domain 0 Fake Requests: 0
Domain 1 Fake Requests: 0
Domain 2 Fake Requests: 0
Domain 3 Fake Requests: 0
Domain 4 Fake Requests: 0
Domain 5 Fake Requests: 0
Domain 6 Fake Requests: 0

#-----------------------------Simulated Cycles Break-Up-------------------------------------------
Note:  1.(Read Cycles + Write Cycles + Read Other + Write Other) should add up to % cycles during which
          the channel is busy. This should be the same for all Ranks on a Channel
       2.(PRE_PDN_FAST + PRE_PDN_SLOW + ACT_PDN + ACT_STBY + PRE_STBY) should add up to 100%
       3.Power Down means Clock Enable, CKE = 0. In Standby mode, CKE = 1
#-------------------------------------------------------------------------------------------------
Total Simulation Cycles                        106313540
---------------------------------------------------------------

Channel 0 Rank 0 Read Cycles(%)                0.01 # % cycles the Rank performed a Read
Channel 0 Rank 0 Write Cycles(%)               0.01 # % cycles the Rank performed a Write
Channel 0 Rank 0 Read Other(%)                 0.10 # % cycles other Ranks on the channel performed a Read
Channel 0 Rank 0 Write Other(%)                0.10 # % cycles other Ranks on the channel performed a Write
Channel 0 Rank 0 PRE_PDN_FAST(%)               0.00 # % cycles the Rank was in Fast Power Down and all Banks were Precharged
Channel 0 Rank 0 PRE_PDN_SLOW(%)               0.00 # % cycles the Rank was in Slow Power Down and all Banks were Precharged
Channel 0 Rank 0 ACT_PDN(%)                    0.00 # % cycles the Rank was in Active Power Down and atleast one Bank was Active
Channel 0 Rank 0 ACT_STBY(%)                   0.07 # % cycles the Rank was in Standby and atleast one bank was Active
Channel 0 Rank 0 PRE_STBY(%)                   0.93 # % cycles the Rank was in Standby and all Banks were Precharged
---------------------------------------------------------------

Channel 0 Rank 1 Read Cycles(%)                0.01 # % cycles the Rank performed a Read
Channel 0 Rank 1 Write Cycles(%)               0.01 # % cycles the Rank performed a Write
Channel 0 Rank 1 Read Other(%)                 0.10 # % cycles other Ranks on the channel performed a Read
Channel 0 Rank 1 Write Other(%)                0.10 # % cycles other Ranks on the channel performed a Write
Channel 0 Rank 1 PRE_PDN_FAST(%)               0.00 # % cycles the Rank was in Fast Power Down and all Banks were Precharged
Channel 0 Rank 1 PRE_PDN_SLOW(%)               0.00 # % cycles the Rank was in Slow Power Down and all Banks were Precharged
Channel 0 Rank 1 ACT_PDN(%)                    0.00 # % cycles the Rank was in Active Power Down and atleast one Bank was Active
Channel 0 Rank 1 ACT_STBY(%)                   0.07 # % cycles the Rank was in Standby and atleast one bank was Active
Channel 0 Rank 1 PRE_STBY(%)                   0.93 # % cycles the Rank was in Standby and all Banks were Precharged
---------------------------------------------------------------

Channel 0 Rank 2 Read Cycles(%)                0.01 # % cycles the Rank performed a Read
Channel 0 Rank 2 Write Cycles(%)               0.01 # % cycles the Rank performed a Write
Channel 0 Rank 2 Read Other(%)                 0.10 # % cycles other Ranks on the channel performed a Read
Channel 0 Rank 2 Write Other(%)                0.10 # % cycles other Ranks on the channel performed a Write
Channel 0 Rank 2 PRE_PDN_FAST(%)               0.00 # % cycles the Rank was in Fast Power Down and all Banks were Precharged
Channel 0 Rank 2 PRE_PDN_SLOW(%)               0.00 # % cycles the Rank was in Slow Power Down and all Banks were Precharged
Channel 0 Rank 2 ACT_PDN(%)                    0.00 # % cycles the Rank was in Active Power Down and atleast one Bank was Active
Channel 0 Rank 2 ACT_STBY(%)                   0.07 # % cycles the Rank was in Standby and atleast one bank was Active
Channel 0 Rank 2 PRE_STBY(%)                   0.93 # % cycles the Rank was in Standby and all Banks were Precharged
---------------------------------------------------------------

Channel 0 Rank 3 Read Cycles(%)                0.01 # % cycles the Rank performed a Read
Channel 0 Rank 3 Write Cycles(%)               0.01 # % cycles the Rank performed a Write
Channel 0 Rank 3 Read Other(%)                 0.10 # % cycles other Ranks on the channel performed a Read
Channel 0 Rank 3 Write Other(%)                0.10 # % cycles other Ranks on the channel performed a Write
Channel 0 Rank 3 PRE_PDN_FAST(%)               0.00 # % cycles the Rank was in Fast Power Down and all Banks were Precharged
Channel 0 Rank 3 PRE_PDN_SLOW(%)               0.00 # % cycles the Rank was in Slow Power Down and all Banks were Precharged
Channel 0 Rank 3 ACT_PDN(%)                    0.00 # % cycles the Rank was in Active Power Down and atleast one Bank was Active
Channel 0 Rank 3 ACT_STBY(%)                   0.07 # % cycles the Rank was in Standby and atleast one bank was Active
Channel 0 Rank 3 PRE_STBY(%)                   0.93 # % cycles the Rank was in Standby and all Banks were Precharged
---------------------------------------------------------------

Channel 0 Rank 4 Read Cycles(%)                0.01 # % cycles the Rank performed a Read
Channel 0 Rank 4 Write Cycles(%)               0.01 # % cycles the Rank performed a Write
Channel 0 Rank 4 Read Other(%)                 0.10 # % cycles other Ranks on the channel performed a Read
Channel 0 Rank 4 Write Other(%)                0.10 # % cycles other Ranks on the channel performed a Write
Channel 0 Rank 4 PRE_PDN_FAST(%)               0.00 # % cycles the Rank was in Fast Power Down and all Banks were Precharged
Channel 0 Rank 4 PRE_PDN_SLOW(%)               0.00 # % cycles the Rank was in Slow Power Down and all Banks were Precharged
Channel 0 Rank 4 ACT_PDN(%)                    0.00 # % cycles the Rank was in Active Power Down and atleast one Bank was Active
Channel 0 Rank 4 ACT_STBY(%)                   0.07 # % cycles the Rank was in Standby and atleast one bank was Active
Channel 0 Rank 4 PRE_STBY(%)                   0.93 # % cycles the Rank was in Standby and all Banks were Precharged
---------------------------------------------------------------

Channel 0 Rank 5 Read Cycles(%)                0.01 # % cycles the Rank performed a Read
Channel 0 Rank 5 Write Cycles(%)               0.01 # % cycles the Rank performed a Write
Channel 0 Rank 5 Read Other(%)                 0.10 # % cycles other Ranks on the channel performed a Read
Channel 0 Rank 5 Write Other(%)                0.10 # % cycles other Ranks on the channel performed a Write
Channel 0 Rank 5 PRE_PDN_FAST(%)               0.00 # % cycles the Rank was in Fast Power Down and all Banks were Precharged
Channel 0 Rank 5 PRE_PDN_SLOW(%)               0.00 # % cycles the Rank was in Slow Power Down and all Banks were Precharged
Channel 0 Rank 5 ACT_PDN(%)                    0.00 # % cycles the Rank was in Active Power Down and atleast one Bank was Active
Channel 0 Rank 5 ACT_STBY(%)                   0.07 # % cycles the Rank was in Standby and atleast one bank was Active
Channel 0 Rank 5 PRE_STBY(%)                   0.93 # % cycles the Rank was in Standby and all Banks were Precharged
---------------------------------------------------------------

Channel 0 Rank 6 Read Cycles(%)                0.01 # % cycles the Rank performed a Read
Channel 0 Rank 6 Write Cycles(%)               0.01 # % cycles the Rank performed a Write
Channel 0 Rank 6 Read Other(%)                 0.10 # % cycles other Ranks on the channel performed a Read
Channel 0 Rank 6 Write Other(%)                0.10 # % cycles other Ranks on the channel performed a Write
Channel 0 Rank 6 PRE_PDN_FAST(%)               0.00 # % cycles the Rank was in Fast Power Down and all Banks were Precharged
Channel 0 Rank 6 PRE_PDN_SLOW(%)               0.00 # % cycles the Rank was in Slow Power Down and all Banks were Precharged
Channel 0 Rank 6 ACT_PDN(%)                    0.00 # % cycles the Rank was in Active Power Down and atleast one Bank was Active
Channel 0 Rank 6 ACT_STBY(%)                   0.07 # % cycles the Rank was in Standby and atleast one bank was Active
Channel 0 Rank 6 PRE_STBY(%)                   0.93 # % cycles the Rank was in Standby and all Banks were Precharged
---------------------------------------------------------------

Channel 0 Rank 7 Read Cycles(%)                0.01 # % cycles the Rank performed a Read
Channel 0 Rank 7 Write Cycles(%)               0.01 # % cycles the Rank performed a Write
Channel 0 Rank 7 Read Other(%)                 0.10 # % cycles other Ranks on the channel performed a Read
Channel 0 Rank 7 Write Other(%)                0.10 # % cycles other Ranks on the channel performed a Write
Channel 0 Rank 7 PRE_PDN_FAST(%)               0.00 # % cycles the Rank was in Fast Power Down and all Banks were Precharged
Channel 0 Rank 7 PRE_PDN_SLOW(%)               0.00 # % cycles the Rank was in Slow Power Down and all Banks were Precharged
Channel 0 Rank 7 ACT_PDN(%)                    0.00 # % cycles the Rank was in Active Power Down and atleast one Bank was Active
Channel 0 Rank 7 ACT_STBY(%)                   0.07 # % cycles the Rank was in Standby and atleast one bank was Active
Channel 0 Rank 7 PRE_STBY(%)                   0.93 # % cycles the Rank was in Standby and all Banks were Precharged
---------------------------------------------------------------


#-------------------------------------- Power Stats ----------------------------------------------
Note:  1. termRoth/termWoth is the power dissipated in the ODT resistors when Read/Writes terminate 
          in other ranks on the same channel
#-------------------------------------------------------------------------------------------------

Channel 0 Rank 0 Background(mw)              43.03 # depends only on Power Down time and time all banks were precharged
Channel 0 Rank 0 Act(mW)                      8.17 # power spend bringing data to the row buffer
Channel 0 Rank 0 Read(mW)                     2.30 # power spent doing a Read  after the Row Buffer is open
Channel 0 Rank 0 Write(mW)                    1.69 # power spent doing a Write after the Row Buffer is open
Channel 0 Rank 0 Read Terminate(mW)           0.45 # power dissipated in ODT resistors during Read
Channel 0 Rank 0 Write Terminate(mW)          0.00 # power dissipated in ODT resistors during Write
Channel 0 Rank 0 termRoth(mW)                24.77 # power dissipated in ODT resistors during Reads  in other ranks
Channel 0 Rank 0 termWoth(mW)                22.76 # power dissipated in ODT resistors during Writes in other ranks
Channel 0 Rank 0 Refresh(mW)                  5.85 # depends on frequency of Refresh (tREFI)
---------------------------------------------------------------
Channel 0 Rank 0 Total Rank Power(mW)      -109.02 # (Sum of above components)*(num chips in each Rank)
---------------------------------------------------------------

Channel 0 Rank 1 Background(mw)              43.03 # depends only on Power Down time and time all banks were precharged
Channel 0 Rank 1 Act(mW)                      8.23 # power spend bringing data to the row buffer
Channel 0 Rank 1 Read(mW)                     2.32 # power spent doing a Read  after the Row Buffer is open
Channel 0 Rank 1 Write(mW)                    1.70 # power spent doing a Write after the Row Buffer is open
Channel 0 Rank 1 Read Terminate(mW)           0.45 # power dissipated in ODT resistors during Read
Channel 0 Rank 1 Write Terminate(mW)          0.00 # power dissipated in ODT resistors during Write
Channel 0 Rank 1 termRoth(mW)                24.73 # power dissipated in ODT resistors during Reads  in other ranks
Channel 0 Rank 1 termWoth(mW)                22.75 # power dissipated in ODT resistors during Writes in other ranks
Channel 0 Rank 1 Refresh(mW)                  5.85 # depends on frequency of Refresh (tREFI)
---------------------------------------------------------------
Channel 0 Rank 1 Total Rank Power(mW)      -109.07 # (Sum of above components)*(num chips in each Rank)
---------------------------------------------------------------

Channel 0 Rank 2 Background(mw)              43.04 # depends only on Power Down time and time all banks were precharged
Channel 0 Rank 2 Act(mW)                      8.23 # power spend bringing data to the row buffer
Channel 0 Rank 2 Read(mW)                     2.32 # power spent doing a Read  after the Row Buffer is open
Channel 0 Rank 2 Write(mW)                    1.70 # power spent doing a Write after the Row Buffer is open
Channel 0 Rank 2 Read Terminate(mW)           0.45 # power dissipated in ODT resistors during Read
Channel 0 Rank 2 Write Terminate(mW)          0.00 # power dissipated in ODT resistors during Write
Channel 0 Rank 2 termRoth(mW)                24.73 # power dissipated in ODT resistors during Reads  in other ranks
Channel 0 Rank 2 termWoth(mW)                22.75 # power dissipated in ODT resistors during Writes in other ranks
Channel 0 Rank 2 Refresh(mW)                  5.85 # depends on frequency of Refresh (tREFI)
---------------------------------------------------------------
Channel 0 Rank 2 Total Rank Power(mW)      -109.07 # (Sum of above components)*(num chips in each Rank)
---------------------------------------------------------------

Channel 0 Rank 3 Background(mw)              43.04 # depends only on Power Down time and time all banks were precharged
Channel 0 Rank 3 Act(mW)                      8.26 # power spend bringing data to the row buffer
Channel 0 Rank 3 Read(mW)                     2.33 # power spent doing a Read  after the Row Buffer is open
Channel 0 Rank 3 Write(mW)                    1.71 # power spent doing a Write after the Row Buffer is open
Channel 0 Rank 3 Read Terminate(mW)           0.46 # power dissipated in ODT resistors during Read
Channel 0 Rank 3 Write Terminate(mW)          0.00 # power dissipated in ODT resistors during Write
Channel 0 Rank 3 termRoth(mW)                24.72 # power dissipated in ODT resistors during Reads  in other ranks
Channel 0 Rank 3 termWoth(mW)                22.74 # power dissipated in ODT resistors during Writes in other ranks
Channel 0 Rank 3 Refresh(mW)                  5.85 # depends on frequency of Refresh (tREFI)
---------------------------------------------------------------
Channel 0 Rank 3 Total Rank Power(mW)      -109.10 # (Sum of above components)*(num chips in each Rank)
---------------------------------------------------------------

Channel 0 Rank 4 Background(mw)              43.04 # depends only on Power Down time and time all banks were precharged
Channel 0 Rank 4 Act(mW)                      8.26 # power spend bringing data to the row buffer
Channel 0 Rank 4 Read(mW)                     2.33 # power spent doing a Read  after the Row Buffer is open
Channel 0 Rank 4 Write(mW)                    1.71 # power spent doing a Write after the Row Buffer is open
Channel 0 Rank 4 Read Terminate(mW)           0.46 # power dissipated in ODT resistors during Read
Channel 0 Rank 4 Write Terminate(mW)          0.00 # power dissipated in ODT resistors during Write
Channel 0 Rank 4 termRoth(mW)                24.72 # power dissipated in ODT resistors during Reads  in other ranks
Channel 0 Rank 4 termWoth(mW)                22.74 # power dissipated in ODT resistors during Writes in other ranks
Channel 0 Rank 4 Refresh(mW)                  5.85 # depends on frequency of Refresh (tREFI)
---------------------------------------------------------------
Channel 0 Rank 4 Total Rank Power(mW)      -109.10 # (Sum of above components)*(num chips in each Rank)
---------------------------------------------------------------

Channel 0 Rank 5 Background(mw)              43.04 # depends only on Power Down time and time all banks were precharged
Channel 0 Rank 5 Act(mW)                      8.25 # power spend bringing data to the row buffer
Channel 0 Rank 5 Read(mW)                     2.32 # power spent doing a Read  after the Row Buffer is open
Channel 0 Rank 5 Write(mW)                    1.71 # power spent doing a Write after the Row Buffer is open
Channel 0 Rank 5 Read Terminate(mW)           0.46 # power dissipated in ODT resistors during Read
Channel 0 Rank 5 Write Terminate(mW)          0.00 # power dissipated in ODT resistors during Write
Channel 0 Rank 5 termRoth(mW)                24.73 # power dissipated in ODT resistors during Reads  in other ranks
Channel 0 Rank 5 termWoth(mW)                22.73 # power dissipated in ODT resistors during Writes in other ranks
Channel 0 Rank 5 Refresh(mW)                  5.85 # depends on frequency of Refresh (tREFI)
---------------------------------------------------------------
Channel 0 Rank 5 Total Rank Power(mW)      -109.10 # (Sum of above components)*(num chips in each Rank)
---------------------------------------------------------------

Channel 0 Rank 6 Background(mw)              43.04 # depends only on Power Down time and time all banks were precharged
Channel 0 Rank 6 Act(mW)                      8.26 # power spend bringing data to the row buffer
Channel 0 Rank 6 Read(mW)                     2.33 # power spent doing a Read  after the Row Buffer is open
Channel 0 Rank 6 Write(mW)                    1.71 # power spent doing a Write after the Row Buffer is open
Channel 0 Rank 6 Read Terminate(mW)           0.46 # power dissipated in ODT resistors during Read
Channel 0 Rank 6 Write Terminate(mW)          0.00 # power dissipated in ODT resistors during Write
Channel 0 Rank 6 termRoth(mW)                24.72 # power dissipated in ODT resistors during Reads  in other ranks
Channel 0 Rank 6 termWoth(mW)                22.74 # power dissipated in ODT resistors during Writes in other ranks
Channel 0 Rank 6 Refresh(mW)                  5.85 # depends on frequency of Refresh (tREFI)
---------------------------------------------------------------
Channel 0 Rank 6 Total Rank Power(mW)      -109.10 # (Sum of above components)*(num chips in each Rank)
---------------------------------------------------------------

Channel 0 Rank 7 Background(mw)              43.04 # depends only on Power Down time and time all banks were precharged
Channel 0 Rank 7 Act(mW)                      8.21 # power spend bringing data to the row buffer
Channel 0 Rank 7 Read(mW)                     2.31 # power spent doing a Read  after the Row Buffer is open
Channel 0 Rank 7 Write(mW)                    1.70 # power spent doing a Write after the Row Buffer is open
Channel 0 Rank 7 Read Terminate(mW)           0.45 # power dissipated in ODT resistors during Read
Channel 0 Rank 7 Write Terminate(mW)          0.00 # power dissipated in ODT resistors during Write
Channel 0 Rank 7 termRoth(mW)                24.74 # power dissipated in ODT resistors during Reads  in other ranks
Channel 0 Rank 7 termWoth(mW)                22.76 # power dissipated in ODT resistors during Writes in other ranks
Channel 0 Rank 7 Refresh(mW)                  5.85 # depends on frequency of Refresh (tREFI)
---------------------------------------------------------------
Channel 0 Rank 7 Total Rank Power(mW)      -109.06 # (Sum of above components)*(num chips in each Rank)
---------------------------------------------------------------


#-------------------------------------------------------------------------------------------------
Total memory system power = -0.872614 W
Miscellaneous system power = 10 W  # Processor uncore power, disk, I/O, cooling, etc.
Processor core power = 30.854303 W  # Assuming that each core consumes 5 W
Total system power = 39.981686 W # Sum of the previous three lines
Energy Delay product (EDP) = 0.044130441 J.s
Cycles 106313540
Cycles 106313540
Cycles 106313540
Cycles 106313540
Bank 0: Writes: 375227, Reads: 373666
Bank 1: Writes: 377137, Reads: 377273
Bank 2: Writes: 377324, Reads: 377424
Bank 3: Writes: 378408, Reads: 378507
Bank 4: Writes: 378279, Reads: 378295
Bank 5: Writes: 378823, Reads: 377927
Bank 6: Writes: 378121, Reads: 378105
Bank 7: Writes: 376272, Reads: 375922
