---------------------------------------------
-- USIMM: the Utah SImulated Memory Module --
--              Version: 1.3               --
---------------------------------------------
Initializing.
Core 0: Input trace file input/domains/cg/core_0-2 : Addresses will have prefix 0
Core 1: Input trace file input/domains/cg/core_1-2 : Addresses will have prefix 1
Core 2: Input trace file input/domains/cg/core_2-2 : Addresses will have prefix 2
Core 3: Input trace file input/domains/cg/core_3-2 : Addresses will have prefix 3
Core 4: Input trace file input/domains/cg/core_4-2 : Addresses will have prefix 4
Core 5: Input trace file input/domains/cg/core_5-2 : Addresses will have prefix 5
Core 6: Input trace file input/domains/cg/core_6-2 : Addresses will have prefix 6
Address bits: 32
----------------------------------------------------------------------------------------
------------------------
- SIMULATOR PARAMETERS -
------------------------

-------------
- PROCESSOR -
-------------
PROCESSOR_CLK_MULTIPLIER:        1
ROBSIZE:                       128
MAX_FETCH:                       4
MAX_RETIRE:                      4
PIPELINEDEPTH:                  10

---------------
- DRAM Config -
---------------
NUM_CHANNELS:                    1
NUM_RANKS:                       8
NUM_BANKS:                       8
NUM_ROWS:                    65536
NUM_COLUMNS:                   128

---------------
- DRAM Timing -
---------------
T_RCD:                          11
T_RP:                           11
T_CAS:                          11
T_RC:                           39
T_RAS:                          28
T_RRD:                           5
T_FAW:                          24
T_WR:                           12
T_WTR:                           6
T_RTP:                           6
T_CCD:                           4
T_RFC:                         260
T_REFI:                       7800
T_CWD:                           5
T_RTRS:                          2
T_PD_MIN:                        4
T_XP:                            5
T_XP_DLL:                       20
T_DATA_TRANS:                    4

---------------------------
- DRAM Idd Specifications -
---------------------------
VDD:                        01.50
IDD0:                       55.00
IDD2P0:                     16.00
IDD2P1:                     32.00
IDD2N:                      28.00
IDD3P:                      38.00
IDD3N:                      38.00
IDD4R:                      147.00
IDD4W:                      118.00
IDD5:                       155.00

-------------------
- DRAM Controller -
-------------------
WQ_CAPACITY:                    64
ADDRESS_MAPPING:                 2
WQ_LOOKUP_LATENCY:              10

----------------------------------------------------------------------------------------
Starting simulation.
Done with loop. Printing stats.
Cycles 307995326
Done: Core 0: Fetched 130313248 : Committed 130313248 : At time : 305746009
Done: Core 1: Fetched 130313219 : Committed 130313219 : At time : 305744454
Done: Core 2: Fetched 130313248 : Committed 130313248 : At time : 305757737
Done: Core 3: Fetched 130313111 : Committed 130313111 : At time : 305754686
Done: Core 4: Fetched 131181949 : Committed 131181949 : At time : 307995326
Done: Core 5: Fetched 131181978 : Committed 131181978 : At time : 307925645
Done: Core 6: Fetched 131182093 : Committed 131182093 : At time : 307937900
Sum of execution times for all programs: 2146861757
Num reads merged: 0
Num writes merged: 0
Number of aggressive precharges: 7000000
-------- Channel 0 Stats-----------
Total Reads Serviced :          6630717
Total Writes Serviced :         369283 
Average Read Latency :          326.09910
Average Read Queue Latency :    311.09910
Average Write Latency :         1995.44299
Average Write Queue Latency :   1979.44299
Read Page Hit Rate :            0.00000
Write Page Hit Rate :           0.00000
------------------------------------
-------- Domain Stats-----------
Domain 0 Fake Requests: 0
Domain 1 Fake Requests: 0
Domain 2 Fake Requests: 0
Domain 3 Fake Requests: 0
Domain 4 Fake Requests: 0
Domain 5 Fake Requests: 0
Domain 6 Fake Requests: 0

#-----------------------------Simulated Cycles Break-Up-------------------------------------------
Note:  1.(Read Cycles + Write Cycles + Read Other + Write Other) should add up to % cycles during which
          the channel is busy. This should be the same for all Ranks on a Channel
       2.(PRE_PDN_FAST + PRE_PDN_SLOW + ACT_PDN + ACT_STBY + PRE_STBY) should add up to 100%
       3.Power Down means Clock Enable, CKE = 0. In Standby mode, CKE = 1
#-------------------------------------------------------------------------------------------------
Total Simulation Cycles                        307995326
---------------------------------------------------------------

Channel 0 Rank 0 Read Cycles(%)                0.01 # % cycles the Rank performed a Read
Channel 0 Rank 0 Write Cycles(%)               0.00 # % cycles the Rank performed a Write
Channel 0 Rank 0 Read Other(%)                 0.08 # % cycles other Ranks on the channel performed a Read
Channel 0 Rank 0 Write Other(%)                0.00 # % cycles other Ranks on the channel performed a Write
Channel 0 Rank 0 PRE_PDN_FAST(%)               0.00 # % cycles the Rank was in Fast Power Down and all Banks were Precharged
Channel 0 Rank 0 PRE_PDN_SLOW(%)               0.00 # % cycles the Rank was in Slow Power Down and all Banks were Precharged
Channel 0 Rank 0 ACT_PDN(%)                    0.00 # % cycles the Rank was in Active Power Down and atleast one Bank was Active
Channel 0 Rank 0 ACT_STBY(%)                   0.03 # % cycles the Rank was in Standby and atleast one bank was Active
Channel 0 Rank 0 PRE_STBY(%)                   0.97 # % cycles the Rank was in Standby and all Banks were Precharged
---------------------------------------------------------------

Channel 0 Rank 1 Read Cycles(%)                0.01 # % cycles the Rank performed a Read
Channel 0 Rank 1 Write Cycles(%)               0.00 # % cycles the Rank performed a Write
Channel 0 Rank 1 Read Other(%)                 0.08 # % cycles other Ranks on the channel performed a Read
Channel 0 Rank 1 Write Other(%)                0.00 # % cycles other Ranks on the channel performed a Write
Channel 0 Rank 1 PRE_PDN_FAST(%)               0.00 # % cycles the Rank was in Fast Power Down and all Banks were Precharged
Channel 0 Rank 1 PRE_PDN_SLOW(%)               0.00 # % cycles the Rank was in Slow Power Down and all Banks were Precharged
Channel 0 Rank 1 ACT_PDN(%)                    0.00 # % cycles the Rank was in Active Power Down and atleast one Bank was Active
Channel 0 Rank 1 ACT_STBY(%)                   0.03 # % cycles the Rank was in Standby and atleast one bank was Active
Channel 0 Rank 1 PRE_STBY(%)                   0.97 # % cycles the Rank was in Standby and all Banks were Precharged
---------------------------------------------------------------

Channel 0 Rank 2 Read Cycles(%)                0.01 # % cycles the Rank performed a Read
Channel 0 Rank 2 Write Cycles(%)               0.00 # % cycles the Rank performed a Write
Channel 0 Rank 2 Read Other(%)                 0.08 # % cycles other Ranks on the channel performed a Read
Channel 0 Rank 2 Write Other(%)                0.00 # % cycles other Ranks on the channel performed a Write
Channel 0 Rank 2 PRE_PDN_FAST(%)               0.00 # % cycles the Rank was in Fast Power Down and all Banks were Precharged
Channel 0 Rank 2 PRE_PDN_SLOW(%)               0.00 # % cycles the Rank was in Slow Power Down and all Banks were Precharged
Channel 0 Rank 2 ACT_PDN(%)                    0.00 # % cycles the Rank was in Active Power Down and atleast one Bank was Active
Channel 0 Rank 2 ACT_STBY(%)                   0.03 # % cycles the Rank was in Standby and atleast one bank was Active
Channel 0 Rank 2 PRE_STBY(%)                   0.97 # % cycles the Rank was in Standby and all Banks were Precharged
---------------------------------------------------------------

Channel 0 Rank 3 Read Cycles(%)                0.01 # % cycles the Rank performed a Read
Channel 0 Rank 3 Write Cycles(%)               0.00 # % cycles the Rank performed a Write
Channel 0 Rank 3 Read Other(%)                 0.08 # % cycles other Ranks on the channel performed a Read
Channel 0 Rank 3 Write Other(%)                0.00 # % cycles other Ranks on the channel performed a Write
Channel 0 Rank 3 PRE_PDN_FAST(%)               0.00 # % cycles the Rank was in Fast Power Down and all Banks were Precharged
Channel 0 Rank 3 PRE_PDN_SLOW(%)               0.00 # % cycles the Rank was in Slow Power Down and all Banks were Precharged
Channel 0 Rank 3 ACT_PDN(%)                    0.00 # % cycles the Rank was in Active Power Down and atleast one Bank was Active
Channel 0 Rank 3 ACT_STBY(%)                   0.03 # % cycles the Rank was in Standby and atleast one bank was Active
Channel 0 Rank 3 PRE_STBY(%)                   0.97 # % cycles the Rank was in Standby and all Banks were Precharged
---------------------------------------------------------------

Channel 0 Rank 4 Read Cycles(%)                0.01 # % cycles the Rank performed a Read
Channel 0 Rank 4 Write Cycles(%)               0.00 # % cycles the Rank performed a Write
Channel 0 Rank 4 Read Other(%)                 0.08 # % cycles other Ranks on the channel performed a Read
Channel 0 Rank 4 Write Other(%)                0.00 # % cycles other Ranks on the channel performed a Write
Channel 0 Rank 4 PRE_PDN_FAST(%)               0.00 # % cycles the Rank was in Fast Power Down and all Banks were Precharged
Channel 0 Rank 4 PRE_PDN_SLOW(%)               0.00 # % cycles the Rank was in Slow Power Down and all Banks were Precharged
Channel 0 Rank 4 ACT_PDN(%)                    0.00 # % cycles the Rank was in Active Power Down and atleast one Bank was Active
Channel 0 Rank 4 ACT_STBY(%)                   0.03 # % cycles the Rank was in Standby and atleast one bank was Active
Channel 0 Rank 4 PRE_STBY(%)                   0.97 # % cycles the Rank was in Standby and all Banks were Precharged
---------------------------------------------------------------

Channel 0 Rank 5 Read Cycles(%)                0.01 # % cycles the Rank performed a Read
Channel 0 Rank 5 Write Cycles(%)               0.00 # % cycles the Rank performed a Write
Channel 0 Rank 5 Read Other(%)                 0.08 # % cycles other Ranks on the channel performed a Read
Channel 0 Rank 5 Write Other(%)                0.00 # % cycles other Ranks on the channel performed a Write
Channel 0 Rank 5 PRE_PDN_FAST(%)               0.00 # % cycles the Rank was in Fast Power Down and all Banks were Precharged
Channel 0 Rank 5 PRE_PDN_SLOW(%)               0.00 # % cycles the Rank was in Slow Power Down and all Banks were Precharged
Channel 0 Rank 5 ACT_PDN(%)                    0.00 # % cycles the Rank was in Active Power Down and atleast one Bank was Active
Channel 0 Rank 5 ACT_STBY(%)                   0.03 # % cycles the Rank was in Standby and atleast one bank was Active
Channel 0 Rank 5 PRE_STBY(%)                   0.97 # % cycles the Rank was in Standby and all Banks were Precharged
---------------------------------------------------------------

Channel 0 Rank 6 Read Cycles(%)                0.01 # % cycles the Rank performed a Read
Channel 0 Rank 6 Write Cycles(%)               0.00 # % cycles the Rank performed a Write
Channel 0 Rank 6 Read Other(%)                 0.08 # % cycles other Ranks on the channel performed a Read
Channel 0 Rank 6 Write Other(%)                0.00 # % cycles other Ranks on the channel performed a Write
Channel 0 Rank 6 PRE_PDN_FAST(%)               0.00 # % cycles the Rank was in Fast Power Down and all Banks were Precharged
Channel 0 Rank 6 PRE_PDN_SLOW(%)               0.00 # % cycles the Rank was in Slow Power Down and all Banks were Precharged
Channel 0 Rank 6 ACT_PDN(%)                    0.00 # % cycles the Rank was in Active Power Down and atleast one Bank was Active
Channel 0 Rank 6 ACT_STBY(%)                   0.03 # % cycles the Rank was in Standby and atleast one bank was Active
Channel 0 Rank 6 PRE_STBY(%)                   0.97 # % cycles the Rank was in Standby and all Banks were Precharged
---------------------------------------------------------------

Channel 0 Rank 7 Read Cycles(%)                0.01 # % cycles the Rank performed a Read
Channel 0 Rank 7 Write Cycles(%)               0.00 # % cycles the Rank performed a Write
Channel 0 Rank 7 Read Other(%)                 0.08 # % cycles other Ranks on the channel performed a Read
Channel 0 Rank 7 Write Other(%)                0.00 # % cycles other Ranks on the channel performed a Write
Channel 0 Rank 7 PRE_PDN_FAST(%)               0.00 # % cycles the Rank was in Fast Power Down and all Banks were Precharged
Channel 0 Rank 7 PRE_PDN_SLOW(%)               0.00 # % cycles the Rank was in Slow Power Down and all Banks were Precharged
Channel 0 Rank 7 ACT_PDN(%)                    0.00 # % cycles the Rank was in Active Power Down and atleast one Bank was Active
Channel 0 Rank 7 ACT_STBY(%)                   0.03 # % cycles the Rank was in Standby and atleast one bank was Active
Channel 0 Rank 7 PRE_STBY(%)                   0.97 # % cycles the Rank was in Standby and all Banks were Precharged
---------------------------------------------------------------


#-------------------------------------- Power Stats ----------------------------------------------
Note:  1. termRoth/termWoth is the power dissipated in the ODT resistors when Read/Writes terminate 
          in other ranks on the same channel
#-------------------------------------------------------------------------------------------------

Channel 0 Rank 0 Background(mw)              42.51 # depends only on Power Down time and time all banks were precharged
Channel 0 Rank 0 Act(mW)                      3.30 # power spend bringing data to the row buffer
Channel 0 Rank 0 Read(mW)                     1.76 # power spent doing a Read  after the Row Buffer is open
Channel 0 Rank 0 Write(mW)                    0.07 # power spent doing a Write after the Row Buffer is open
Channel 0 Rank 0 Read Terminate(mW)           0.34 # power dissipated in ODT resistors during Read
Channel 0 Rank 0 Write Terminate(mW)          0.00 # power dissipated in ODT resistors during Write
Channel 0 Rank 0 termRoth(mW)                18.76 # power dissipated in ODT resistors during Reads  in other ranks
Channel 0 Rank 0 termWoth(mW)                 0.96 # power dissipated in ODT resistors during Writes in other ranks
Channel 0 Rank 0 Refresh(mW)                  5.85 # depends on frequency of Refresh (tREFI)
---------------------------------------------------------------
Channel 0 Rank 0 Total Rank Power(mW)       -73.55 # (Sum of above components)*(num chips in each Rank)
---------------------------------------------------------------

Channel 0 Rank 1 Background(mw)              42.51 # depends only on Power Down time and time all banks were precharged
Channel 0 Rank 1 Act(mW)                      3.30 # power spend bringing data to the row buffer
Channel 0 Rank 1 Read(mW)                     1.76 # power spent doing a Read  after the Row Buffer is open
Channel 0 Rank 1 Write(mW)                    0.07 # power spent doing a Write after the Row Buffer is open
Channel 0 Rank 1 Read Terminate(mW)           0.34 # power dissipated in ODT resistors during Read
Channel 0 Rank 1 Write Terminate(mW)          0.00 # power dissipated in ODT resistors during Write
Channel 0 Rank 1 termRoth(mW)                18.76 # power dissipated in ODT resistors during Reads  in other ranks
Channel 0 Rank 1 termWoth(mW)                 0.96 # power dissipated in ODT resistors during Writes in other ranks
Channel 0 Rank 1 Refresh(mW)                  5.85 # depends on frequency of Refresh (tREFI)
---------------------------------------------------------------
Channel 0 Rank 1 Total Rank Power(mW)       -73.56 # (Sum of above components)*(num chips in each Rank)
---------------------------------------------------------------

Channel 0 Rank 2 Background(mw)              42.51 # depends only on Power Down time and time all banks were precharged
Channel 0 Rank 2 Act(mW)                      3.30 # power spend bringing data to the row buffer
Channel 0 Rank 2 Read(mW)                     1.76 # power spent doing a Read  after the Row Buffer is open
Channel 0 Rank 2 Write(mW)                    0.07 # power spent doing a Write after the Row Buffer is open
Channel 0 Rank 2 Read Terminate(mW)           0.34 # power dissipated in ODT resistors during Read
Channel 0 Rank 2 Write Terminate(mW)          0.00 # power dissipated in ODT resistors during Write
Channel 0 Rank 2 termRoth(mW)                18.76 # power dissipated in ODT resistors during Reads  in other ranks
Channel 0 Rank 2 termWoth(mW)                 0.96 # power dissipated in ODT resistors during Writes in other ranks
Channel 0 Rank 2 Refresh(mW)                  5.85 # depends on frequency of Refresh (tREFI)
---------------------------------------------------------------
Channel 0 Rank 2 Total Rank Power(mW)       -73.56 # (Sum of above components)*(num chips in each Rank)
---------------------------------------------------------------

Channel 0 Rank 3 Background(mw)              42.51 # depends only on Power Down time and time all banks were precharged
Channel 0 Rank 3 Act(mW)                      3.30 # power spend bringing data to the row buffer
Channel 0 Rank 3 Read(mW)                     1.76 # power spent doing a Read  after the Row Buffer is open
Channel 0 Rank 3 Write(mW)                    0.07 # power spent doing a Write after the Row Buffer is open
Channel 0 Rank 3 Read Terminate(mW)           0.34 # power dissipated in ODT resistors during Read
Channel 0 Rank 3 Write Terminate(mW)          0.00 # power dissipated in ODT resistors during Write
Channel 0 Rank 3 termRoth(mW)                18.76 # power dissipated in ODT resistors during Reads  in other ranks
Channel 0 Rank 3 termWoth(mW)                 0.96 # power dissipated in ODT resistors during Writes in other ranks
Channel 0 Rank 3 Refresh(mW)                  5.85 # depends on frequency of Refresh (tREFI)
---------------------------------------------------------------
Channel 0 Rank 3 Total Rank Power(mW)       -73.56 # (Sum of above components)*(num chips in each Rank)
---------------------------------------------------------------

Channel 0 Rank 4 Background(mw)              42.51 # depends only on Power Down time and time all banks were precharged
Channel 0 Rank 4 Act(mW)                      3.29 # power spend bringing data to the row buffer
Channel 0 Rank 4 Read(mW)                     1.76 # power spent doing a Read  after the Row Buffer is open
Channel 0 Rank 4 Write(mW)                    0.07 # power spent doing a Write after the Row Buffer is open
Channel 0 Rank 4 Read Terminate(mW)           0.34 # power dissipated in ODT resistors during Read
Channel 0 Rank 4 Write Terminate(mW)          0.00 # power dissipated in ODT resistors during Write
Channel 0 Rank 4 termRoth(mW)                18.76 # power dissipated in ODT resistors during Reads  in other ranks
Channel 0 Rank 4 termWoth(mW)                 0.96 # power dissipated in ODT resistors during Writes in other ranks
Channel 0 Rank 4 Refresh(mW)                  5.85 # depends on frequency of Refresh (tREFI)
---------------------------------------------------------------
Channel 0 Rank 4 Total Rank Power(mW)       -73.55 # (Sum of above components)*(num chips in each Rank)
---------------------------------------------------------------

Channel 0 Rank 5 Background(mw)              42.51 # depends only on Power Down time and time all banks were precharged
Channel 0 Rank 5 Act(mW)                      3.29 # power spend bringing data to the row buffer
Channel 0 Rank 5 Read(mW)                     1.76 # power spent doing a Read  after the Row Buffer is open
Channel 0 Rank 5 Write(mW)                    0.07 # power spent doing a Write after the Row Buffer is open
Channel 0 Rank 5 Read Terminate(mW)           0.34 # power dissipated in ODT resistors during Read
Channel 0 Rank 5 Write Terminate(mW)          0.00 # power dissipated in ODT resistors during Write
Channel 0 Rank 5 termRoth(mW)                18.76 # power dissipated in ODT resistors during Reads  in other ranks
Channel 0 Rank 5 termWoth(mW)                 0.96 # power dissipated in ODT resistors during Writes in other ranks
Channel 0 Rank 5 Refresh(mW)                  5.85 # depends on frequency of Refresh (tREFI)
---------------------------------------------------------------
Channel 0 Rank 5 Total Rank Power(mW)       -73.55 # (Sum of above components)*(num chips in each Rank)
---------------------------------------------------------------

Channel 0 Rank 6 Background(mw)              42.51 # depends only on Power Down time and time all banks were precharged
Channel 0 Rank 6 Act(mW)                      3.29 # power spend bringing data to the row buffer
Channel 0 Rank 6 Read(mW)                     1.76 # power spent doing a Read  after the Row Buffer is open
Channel 0 Rank 6 Write(mW)                    0.07 # power spent doing a Write after the Row Buffer is open
Channel 0 Rank 6 Read Terminate(mW)           0.34 # power dissipated in ODT resistors during Read
Channel 0 Rank 6 Write Terminate(mW)          0.00 # power dissipated in ODT resistors during Write
Channel 0 Rank 6 termRoth(mW)                18.77 # power dissipated in ODT resistors during Reads  in other ranks
Channel 0 Rank 6 termWoth(mW)                 0.96 # power dissipated in ODT resistors during Writes in other ranks
Channel 0 Rank 6 Refresh(mW)                  5.85 # depends on frequency of Refresh (tREFI)
---------------------------------------------------------------
Channel 0 Rank 6 Total Rank Power(mW)       -73.55 # (Sum of above components)*(num chips in each Rank)
---------------------------------------------------------------

Channel 0 Rank 7 Background(mw)              42.51 # depends only on Power Down time and time all banks were precharged
Channel 0 Rank 7 Act(mW)                      3.29 # power spend bringing data to the row buffer
Channel 0 Rank 7 Read(mW)                     1.76 # power spent doing a Read  after the Row Buffer is open
Channel 0 Rank 7 Write(mW)                    0.07 # power spent doing a Write after the Row Buffer is open
Channel 0 Rank 7 Read Terminate(mW)           0.34 # power dissipated in ODT resistors during Read
Channel 0 Rank 7 Write Terminate(mW)          0.00 # power dissipated in ODT resistors during Write
Channel 0 Rank 7 termRoth(mW)                18.76 # power dissipated in ODT resistors during Reads  in other ranks
Channel 0 Rank 7 termWoth(mW)                 0.96 # power dissipated in ODT resistors during Writes in other ranks
Channel 0 Rank 7 Refresh(mW)                  5.85 # depends on frequency of Refresh (tREFI)
---------------------------------------------------------------
Channel 0 Rank 7 Total Rank Power(mW)       -73.55 # (Sum of above components)*(num chips in each Rank)
---------------------------------------------------------------


#-------------------------------------------------------------------------------------------------
Total memory system power = -0.588427 W
Miscellaneous system power = 10 W  # Processor uncore power, disk, I/O, cooling, etc.
Processor core power = 34.852180 W  # Assuming that each core consumes 5 W
Total system power = 44.263752 W # Sum of the previous three lines
Energy Delay product (EDP) = 0.410049736 J.s
Cycles 307995326
Cycles 307995326
Cycles 307995326
Cycles 307995326
Bank 0: Writes: 46408, Reads: 829081
Bank 1: Writes: 46408, Reads: 830030
Bank 2: Writes: 46060, Reads: 829702
Bank 3: Writes: 46014, Reads: 829337
Bank 4: Writes: 46004, Reads: 828569
Bank 5: Writes: 45992, Reads: 828297
Bank 6: Writes: 45989, Reads: 827658
Bank 7: Writes: 46408, Reads: 828043
